Archive member included to satisfy reference by file (symbol)

c:/st/stm32cubeide_1.12.1/stm32cubeide/plugins/com.st.stm32cube.ide.mcu.externaltools.gnu-tools-for-stm32.10.3-2021.10.win32_1.0.200.202301161003/tools/bin/../lib/gcc/arm-none-eabi/10.3.1/../../../../arm-none-eabi/lib/thumb/v7e-m+dp/hard\libc_nano.a(lib_a-errno.o)
                              ./Core/Src/syscalls.o (__errno)
c:/st/stm32cubeide_1.12.1/stm32cubeide/plugins/com.st.stm32cube.ide.mcu.externaltools.gnu-tools-for-stm32.10.3-2021.10.win32_1.0.200.202301161003/tools/bin/../lib/gcc/arm-none-eabi/10.3.1/../../../../arm-none-eabi/lib/thumb/v7e-m+dp/hard\libc_nano.a(lib_a-exit.o)
                              c:/st/stm32cubeide_1.12.1/stm32cubeide/plugins/com.st.stm32cube.ide.mcu.externaltools.gnu-tools-for-stm32.10.3-2021.10.win32_1.0.200.202301161003/tools/bin/../lib/gcc/arm-none-eabi/10.3.1/../../../../arm-none-eabi/lib/thumb/v7e-m+dp/hard/crt0.o (exit)
c:/st/stm32cubeide_1.12.1/stm32cubeide/plugins/com.st.stm32cube.ide.mcu.externaltools.gnu-tools-for-stm32.10.3-2021.10.win32_1.0.200.202301161003/tools/bin/../lib/gcc/arm-none-eabi/10.3.1/../../../../arm-none-eabi/lib/thumb/v7e-m+dp/hard\libc_nano.a(lib_a-impure.o)
                              c:/st/stm32cubeide_1.12.1/stm32cubeide/plugins/com.st.stm32cube.ide.mcu.externaltools.gnu-tools-for-stm32.10.3-2021.10.win32_1.0.200.202301161003/tools/bin/../lib/gcc/arm-none-eabi/10.3.1/../../../../arm-none-eabi/lib/thumb/v7e-m+dp/hard\libc_nano.a(lib_a-exit.o) (_global_impure_ptr)
c:/st/stm32cubeide_1.12.1/stm32cubeide/plugins/com.st.stm32cube.ide.mcu.externaltools.gnu-tools-for-stm32.10.3-2021.10.win32_1.0.200.202301161003/tools/bin/../lib/gcc/arm-none-eabi/10.3.1/../../../../arm-none-eabi/lib/thumb/v7e-m+dp/hard\libc_nano.a(lib_a-init.o)
                              c:/st/stm32cubeide_1.12.1/stm32cubeide/plugins/com.st.stm32cube.ide.mcu.externaltools.gnu-tools-for-stm32.10.3-2021.10.win32_1.0.200.202301161003/tools/bin/../lib/gcc/arm-none-eabi/10.3.1/../../../../arm-none-eabi/lib/thumb/v7e-m+dp/hard/crt0.o (__libc_init_array)
c:/st/stm32cubeide_1.12.1/stm32cubeide/plugins/com.st.stm32cube.ide.mcu.externaltools.gnu-tools-for-stm32.10.3-2021.10.win32_1.0.200.202301161003/tools/bin/../lib/gcc/arm-none-eabi/10.3.1/../../../../arm-none-eabi/lib/thumb/v7e-m+dp/hard\libc_nano.a(lib_a-memset.o)
                              c:/st/stm32cubeide_1.12.1/stm32cubeide/plugins/com.st.stm32cube.ide.mcu.externaltools.gnu-tools-for-stm32.10.3-2021.10.win32_1.0.200.202301161003/tools/bin/../lib/gcc/arm-none-eabi/10.3.1/../../../../arm-none-eabi/lib/thumb/v7e-m+dp/hard/crt0.o (memset)
c:/st/stm32cubeide_1.12.1/stm32cubeide/plugins/com.st.stm32cube.ide.mcu.externaltools.gnu-tools-for-stm32.10.3-2021.10.win32_1.0.200.202301161003/tools/bin/../lib/gcc/arm-none-eabi/10.3.1/thumb/v7e-m+dp/hard\libgcc.a(_aeabi_uldivmod.o)
                              ./Drivers/STM32H7xx_HAL_Driver/Src/stm32h7xx_hal_uart.o (__aeabi_uldivmod)
c:/st/stm32cubeide_1.12.1/stm32cubeide/plugins/com.st.stm32cube.ide.mcu.externaltools.gnu-tools-for-stm32.10.3-2021.10.win32_1.0.200.202301161003/tools/bin/../lib/gcc/arm-none-eabi/10.3.1/thumb/v7e-m+dp/hard\libgcc.a(_udivmoddi4.o)
                              c:/st/stm32cubeide_1.12.1/stm32cubeide/plugins/com.st.stm32cube.ide.mcu.externaltools.gnu-tools-for-stm32.10.3-2021.10.win32_1.0.200.202301161003/tools/bin/../lib/gcc/arm-none-eabi/10.3.1/thumb/v7e-m+dp/hard\libgcc.a(_aeabi_uldivmod.o) (__udivmoddi4)
c:/st/stm32cubeide_1.12.1/stm32cubeide/plugins/com.st.stm32cube.ide.mcu.externaltools.gnu-tools-for-stm32.10.3-2021.10.win32_1.0.200.202301161003/tools/bin/../lib/gcc/arm-none-eabi/10.3.1/thumb/v7e-m+dp/hard\libgcc.a(_dvmd_tls.o)
                              c:/st/stm32cubeide_1.12.1/stm32cubeide/plugins/com.st.stm32cube.ide.mcu.externaltools.gnu-tools-for-stm32.10.3-2021.10.win32_1.0.200.202301161003/tools/bin/../lib/gcc/arm-none-eabi/10.3.1/thumb/v7e-m+dp/hard\libgcc.a(_aeabi_uldivmod.o) (__aeabi_ldiv0)

Discarded input sections

 .text          0x0000000000000000        0x0 c:/st/stm32cubeide_1.12.1/stm32cubeide/plugins/com.st.stm32cube.ide.mcu.externaltools.gnu-tools-for-stm32.10.3-2021.10.win32_1.0.200.202301161003/tools/bin/../lib/gcc/arm-none-eabi/10.3.1/thumb/v7e-m+dp/hard/crti.o
 .data          0x0000000000000000        0x0 c:/st/stm32cubeide_1.12.1/stm32cubeide/plugins/com.st.stm32cube.ide.mcu.externaltools.gnu-tools-for-stm32.10.3-2021.10.win32_1.0.200.202301161003/tools/bin/../lib/gcc/arm-none-eabi/10.3.1/thumb/v7e-m+dp/hard/crti.o
 .bss           0x0000000000000000        0x0 c:/st/stm32cubeide_1.12.1/stm32cubeide/plugins/com.st.stm32cube.ide.mcu.externaltools.gnu-tools-for-stm32.10.3-2021.10.win32_1.0.200.202301161003/tools/bin/../lib/gcc/arm-none-eabi/10.3.1/thumb/v7e-m+dp/hard/crti.o
[...]
Memory Configuration

Name             Origin             Length             Attributes
ITCMRAM          0x0000000000000000 0x0000000000010000 xrw
DTCMRAM          0x0000000020000000 0x0000000000020000 xrw
FLASH            0x0000000008000000 0x0000000000100000 xr
RAM_D1           0x0000000024000000 0x0000000000050000 xrw
RAM_D2           0x0000000030000000 0x0000000000008000 xrw
RAM_D3           0x0000000038000000 0x0000000000004000 xrw
*default*        0x0000000000000000 0xffffffffffffffff

Linker script and memory map

LOAD c:/st/stm32cubeide_1.12.1/stm32cubeide/plugins/com.st.stm32cube.ide.mcu.externaltools.gnu-tools-for-stm32.10.3-2021.10.win32_1.0.200.202301161003/tools/bin/../lib/gcc/arm-none-eabi/10.3.1/thumb/v7e-m+dp/hard/crti.o
LOAD c:/st/stm32cubeide_1.12.1/stm32cubeide/plugins/com.st.stm32cube.ide.mcu.externaltools.gnu-tools-for-stm32.10.3-2021.10.win32_1.0.200.202301161003/tools/bin/../lib/gcc/arm-none-eabi/10.3.1/thumb/v7e-m+dp/hard/crtbegin.o
LOAD c:/st/stm32cubeide_1.12.1/stm32cubeide/plugins/com.st.stm32cube.ide.mcu.externaltools.gnu-tools-for-stm32.10.3-2021.10.win32_1.0.200.202301161003/tools/bin/../lib/gcc/arm-none-eabi/10.3.1/../../../../arm-none-eabi/lib/thumb/v7e-m+dp/hard/crt0.o
LOAD ./Core/Src/eth.o
LOAD ./Core/Src/gpio.o
LOAD ./Core/Src/main.o
LOAD ./Core/Src/stm32h7xx_hal_msp.o
LOAD ./Core/Src/stm32h7xx_it.o
LOAD ./Core/Src/syscalls.o
LOAD ./Core/Src/sysmem.o
LOAD ./Core/Src/system_stm32h7xx.o
LOAD ./Core/Src/usart.o
LOAD ./Core/Src/usb_otg.o
LOAD ./Core/Startup/startup_stm32h723zgtx.o
LOAD ./Drivers/STM32H7xx_HAL_Driver/Src/stm32h7xx_hal.o
LOAD ./Drivers/STM32H7xx_HAL_Driver/Src/stm32h7xx_hal_cortex.o
LOAD ./Drivers/STM32H7xx_HAL_Driver/Src/stm32h7xx_hal_dma.o
LOAD ./Drivers/STM32H7xx_HAL_Driver/Src/stm32h7xx_hal_dma_ex.o
LOAD ./Drivers/STM32H7xx_HAL_Driver/Src/stm32h7xx_hal_eth.o
LOAD ./Drivers/STM32H7xx_HAL_Driver/Src/stm32h7xx_hal_eth_ex.o
LOAD ./Drivers/STM32H7xx_HAL_Driver/Src/stm32h7xx_hal_exti.o
LOAD ./Drivers/STM32H7xx_HAL_Driver/Src/stm32h7xx_hal_flash.o
LOAD ./Drivers/STM32H7xx_HAL_Driver/Src/stm32h7xx_hal_flash_ex.o
LOAD ./Drivers/STM32H7xx_HAL_Driver/Src/stm32h7xx_hal_gpio.o
LOAD ./Drivers/STM32H7xx_HAL_Driver/Src/stm32h7xx_hal_hsem.o
LOAD ./Drivers/STM32H7xx_HAL_Driver/Src/stm32h7xx_hal_i2c.o
LOAD ./Drivers/STM32H7xx_HAL_Driver/Src/stm32h7xx_hal_i2c_ex.o
LOAD ./Drivers/STM32H7xx_HAL_Driver/Src/stm32h7xx_hal_mdma.o
LOAD ./Drivers/STM32H7xx_HAL_Driver/Src/stm32h7xx_hal_pwr.o
LOAD ./Drivers/STM32H7xx_HAL_Driver/Src/stm32h7xx_hal_pwr_ex.o
LOAD ./Drivers/STM32H7xx_HAL_Driver/Src/stm32h7xx_hal_rcc.o
LOAD ./Drivers/STM32H7xx_HAL_Driver/Src/stm32h7xx_hal_rcc_ex.o
LOAD ./Drivers/STM32H7xx_HAL_Driver/Src/stm32h7xx_hal_tim.o
LOAD ./Drivers/STM32H7xx_HAL_Driver/Src/stm32h7xx_hal_tim_ex.o
LOAD ./Drivers/STM32H7xx_HAL_Driver/Src/stm32h7xx_hal_uart.o
LOAD ./Drivers/STM32H7xx_HAL_Driver/Src/stm32h7xx_hal_uart_ex.o
START GROUP
LOAD c:/st/stm32cubeide_1.12.1/stm32cubeide/plugins/com.st.stm32cube.ide.mcu.externaltools.gnu-tools-for-stm32.10.3-2021.10.win32_1.0.200.202301161003/tools/bin/../lib/gcc/arm-none-eabi/10.3.1/../../../../arm-none-eabi/lib/thumb/v7e-m+dp/hard\libstdc++_nano.a
LOAD c:/st/stm32cubeide_1.12.1/stm32cubeide/plugins/com.st.stm32cube.ide.mcu.externaltools.gnu-tools-for-stm32.10.3-2021.10.win32_1.0.200.202301161003/tools/bin/../lib/gcc/arm-none-eabi/10.3.1/../../../../arm-none-eabi/lib/thumb/v7e-m+dp/hard\libsupc++_nano.a
END GROUP
LOAD c:/st/stm32cubeide_1.12.1/stm32cubeide/plugins/com.st.stm32cube.ide.mcu.externaltools.gnu-tools-for-stm32.10.3-2021.10.win32_1.0.200.202301161003/tools/bin/../lib/gcc/arm-none-eabi/10.3.1/../../../../arm-none-eabi/lib/thumb/v7e-m+dp/hard\libstdc++_nano.a
LOAD c:/st/stm32cubeide_1.12.1/stm32cubeide/plugins/com.st.stm32cube.ide.mcu.externaltools.gnu-tools-for-stm32.10.3-2021.10.win32_1.0.200.202301161003/tools/bin/../lib/gcc/arm-none-eabi/10.3.1/../../../../arm-none-eabi/lib/thumb/v7e-m+dp/hard\libm.a
LOAD c:/st/stm32cubeide_1.12.1/stm32cubeide/plugins/com.st.stm32cube.ide.mcu.externaltools.gnu-tools-for-stm32.10.3-2021.10.win32_1.0.200.202301161003/tools/bin/../lib/gcc/arm-none-eabi/10.3.1/../../../../arm-none-eabi/lib/thumb/v7e-m+dp/hard\libc_nano.a
START GROUP
LOAD c:/st/stm32cubeide_1.12.1/stm32cubeide/plugins/com.st.stm32cube.ide.mcu.externaltools.gnu-tools-for-stm32.10.3-2021.10.win32_1.0.200.202301161003/tools/bin/../lib/gcc/arm-none-eabi/10.3.1/thumb/v7e-m+dp/hard\libgcc.a
LOAD c:/st/stm32cubeide_1.12.1/stm32cubeide/plugins/com.st.stm32cube.ide.mcu.externaltools.gnu-tools-for-stm32.10.3-2021.10.win32_1.0.200.202301161003/tools/bin/../lib/gcc/arm-none-eabi/10.3.1/../../../../arm-none-eabi/lib/thumb/v7e-m+dp/hard\libc_nano.a
END GROUP
START GROUP
LOAD c:/st/stm32cubeide_1.12.1/stm32cubeide/plugins/com.st.stm32cube.ide.mcu.externaltools.gnu-tools-for-stm32.10.3-2021.10.win32_1.0.200.202301161003/tools/bin/../lib/gcc/arm-none-eabi/10.3.1/thumb/v7e-m+dp/hard\libgcc.a
LOAD c:/st/stm32cubeide_1.12.1/stm32cubeide/plugins/com.st.stm32cube.ide.mcu.externaltools.gnu-tools-for-stm32.10.3-2021.10.win32_1.0.200.202301161003/tools/bin/../lib/gcc/arm-none-eabi/10.3.1/../../../../arm-none-eabi/lib/thumb/v7e-m+dp/hard\libc_nano.a
LOAD c:/st/stm32cubeide_1.12.1/stm32cubeide/plugins/com.st.stm32cube.ide.mcu.externaltools.gnu-tools-for-stm32.10.3-2021.10.win32_1.0.200.202301161003/tools/bin/../lib/gcc/arm-none-eabi/10.3.1/../../../../arm-none-eabi/lib/thumb/v7e-m+dp/hard\libnosys.a
END GROUP
START GROUP
LOAD c:/st/stm32cubeide_1.12.1/stm32cubeide/plugins/com.st.stm32cube.ide.mcu.externaltools.gnu-tools-for-stm32.10.3-2021.10.win32_1.0.200.202301161003/tools/bin/../lib/gcc/arm-none-eabi/10.3.1/thumb/v7e-m+dp/hard\libgcc.a
LOAD c:/st/stm32cubeide_1.12.1/stm32cubeide/plugins/com.st.stm32cube.ide.mcu.externaltools.gnu-tools-for-stm32.10.3-2021.10.win32_1.0.200.202301161003/tools/bin/../lib/gcc/arm-none-eabi/10.3.1/../../../../arm-none-eabi/lib/thumb/v7e-m+dp/hard\libc_nano.a
LOAD c:/st/stm32cubeide_1.12.1/stm32cubeide/plugins/com.st.stm32cube.ide.mcu.externaltools.gnu-tools-for-stm32.10.3-2021.10.win32_1.0.200.202301161003/tools/bin/../lib/gcc/arm-none-eabi/10.3.1/../../../../arm-none-eabi/lib/thumb/v7e-m+dp/hard\libnosys.a
END GROUP
LOAD c:/st/stm32cubeide_1.12.1/stm32cubeide/plugins/com.st.stm32cube.ide.mcu.externaltools.gnu-tools-for-stm32.10.3-2021.10.win32_1.0.200.202301161003/tools/bin/../lib/gcc/arm-none-eabi/10.3.1/thumb/v7e-m+dp/hard/crtend.o
LOAD c:/st/stm32cubeide_1.12.1/stm32cubeide/plugins/com.st.stm32cube.ide.mcu.externaltools.gnu-tools-for-stm32.10.3-2021.10.win32_1.0.200.202301161003/tools/bin/../lib/gcc/arm-none-eabi/10.3.1/thumb/v7e-m+dp/hard/crtn.o
                0x0000000024050000                _estack = (ORIGIN (RAM_D1) + LENGTH (RAM_D1))
                0x0000000000000200                _Min_Heap_Size = 0x200
                0x0000000000000400                _Min_Stack_Size = 0x400

.isr_vector     0x0000000008000000      0x2cc
                0x0000000008000000                . = ALIGN (0x4)
 *(.isr_vector)
 .isr_vector    0x0000000008000000      0x2cc ./Core/Startup/startup_stm32h723zgtx.o
                0x0000000008000000                g_pfnVectors
                0x00000000080002cc                . = ALIGN (0x4)

.text           0x00000000080002cc     0x5a30
                0x00000000080002cc                . = ALIGN (0x4)
 *(.text)
 .text          0x00000000080002cc       0x40 c:/st/stm32cubeide_1.12.1/stm32cubeide/plugins/com.st.stm32cube.ide.mcu.externaltools.gnu-tools-for-stm32.10.3-2021.10.win32_1.0.200.202301161003/tools/bin/../lib/gcc/arm-none-eabi/10.3.1/thumb/v7e-m+dp/hard/crtbegin.o
 .text          0x000000000800030c       0x30 c:/st/stm32cubeide_1.12.1/stm32cubeide/plugins/com.st.stm32cube.ide.mcu.externaltools.gnu-tools-for-stm32.10.3-2021.10.win32_1.0.200.202301161003/tools/bin/../lib/gcc/arm-none-eabi/10.3.1/thumb/v7e-m+dp/hard\libgcc.a(_aeabi_uldivmod.o)
                0x000000000800030c                __aeabi_uldivmod
 .text          0x000000000800033c      0x2d0 c:/st/stm32cubeide_1.12.1/stm32cubeide/plugins/com.st.stm32cube.ide.mcu.externaltools.gnu-tools-for-stm32.10.3-2021.10.win32_1.0.200.202301161003/tools/bin/../lib/gcc/arm-none-eabi/10.3.1/thumb/v7e-m+dp/hard\libgcc.a(_udivmoddi4.o)
                0x000000000800033c                __udivmoddi4
 .text          0x000000000800060c        0x4 c:/st/stm32cubeide_1.12.1/stm32cubeide/plugins/com.st.stm32cube.ide.mcu.externaltools.gnu-tools-for-stm32.10.3-2021.10.win32_1.0.200.202301161003/tools/bin/../lib/gcc/arm-none-eabi/10.3.1/thumb/v7e-m+dp/hard\libgcc.a(_dvmd_tls.o)
                0x000000000800060c                __aeabi_idiv0
                0x000000000800060c                __aeabi_ldiv0
 *(.text*)
 .text.MX_ETH_Init
                0x0000000008000610       0x98 ./Core/Src/eth.o
                0x0000000008000610                MX_ETH_Init
 .text.HAL_ETH_MspInit
                0x00000000080006a8      0x19c ./Core/Src/eth.o
                0x00000000080006a8                HAL_ETH_MspInit
 .text.MX_GPIO_Init
                0x0000000008000844      0x1f8 ./Core/Src/gpio.o
                0x0000000008000844                MX_GPIO_Init
 .text.main     0x0000000008000a3c       0x48 ./Core/Src/main.o
                0x0000000008000a3c                main
 .text.SystemClock_Config
                0x0000000008000a84       0xe0 ./Core/Src/main.o
                0x0000000008000a84                SystemClock_Config
 .text.Error_Handler
                0x0000000008000b64        0xa ./Core/Src/main.o
                0x0000000008000b64                Error_Handler
 *fill*         0x0000000008000b6e        0x2 
 .text.HAL_MspInit
                0x0000000008000b70       0x34 ./Core/Src/stm32h7xx_hal_msp.o
                0x0000000008000b70                HAL_MspInit
 .text.NMI_Handler
                0x0000000008000ba4        0x6 ./Core/Src/stm32h7xx_it.o
                0x0000000008000ba4                NMI_Handler
 .text.HardFault_Handler
                0x0000000008000baa        0x6 ./Core/Src/stm32h7xx_it.o
                0x0000000008000baa                HardFault_Handler
 .text.MemManage_Handler
                0x0000000008000bb0        0x6 ./Core/Src/stm32h7xx_it.o
                0x0000000008000bb0                MemManage_Handler
 .text.BusFault_Handler
                0x0000000008000bb6        0x6 ./Core/Src/stm32h7xx_it.o
                0x0000000008000bb6                BusFault_Handler
 .text.UsageFault_Handler
                0x0000000008000bbc        0x6 ./Core/Src/stm32h7xx_it.o
                0x0000000008000bbc                UsageFault_Handler
 .text.SVC_Handler
                0x0000000008000bc2        0xe ./Core/Src/stm32h7xx_it.o
                0x0000000008000bc2                SVC_Handler
 .text.DebugMon_Handler
                0x0000000008000bd0        0xe ./Core/Src/stm32h7xx_it.o
                0x0000000008000bd0                DebugMon_Handler
 .text.PendSV_Handler
                0x0000000008000bde        0xe ./Core/Src/stm32h7xx_it.o
                0x0000000008000bde                PendSV_Handler
 .text.SysTick_Handler
                0x0000000008000bec        0xc ./Core/Src/stm32h7xx_it.o
                0x0000000008000bec                SysTick_Handler
 .text.SystemInit
                0x0000000008000bf8       0xf0 ./Core/Src/system_stm32h7xx.o
                0x0000000008000bf8                SystemInit
 .text.MX_USART3_UART_Init
                0x0000000008000ce8       0x98 ./Core/Src/usart.o
                0x0000000008000ce8                MX_USART3_UART_Init
 .text.HAL_UART_MspInit
                0x0000000008000d80       0xd4 ./Core/Src/usart.o
                0x0000000008000d80                HAL_UART_MspInit
 .text.MX_USB_OTG_HS_USB_Init
                0x0000000008000e54        0xe ./Core/Src/usb_otg.o
                0x0000000008000e54                MX_USB_OTG_HS_USB_Init
 *fill*         0x0000000008000e62        0x2 
 .text.Reset_Handler
                0x0000000008000e64       0x50 ./Core/Startup/startup_stm32h723zgtx.o
                0x0000000008000e64                Reset_Handler
 .text.Default_Handler
                0x0000000008000eb4        0x2 ./Core/Startup/startup_stm32h723zgtx.o
                0x0000000008000eb4                RTC_Alarm_IRQHandler
                0x0000000008000eb4                EXTI2_IRQHandler
                0x0000000008000eb4                TIM8_CC_IRQHandler
                0x0000000008000eb4                UART8_IRQHandler
                0x0000000008000eb4                SPI4_IRQHandler
                0x0000000008000eb4                FDCAN3_IT0_IRQHandler
                0x0000000008000eb4                TIM1_CC_IRQHandler
                0x0000000008000eb4                BDMA_Channel6_IRQHandler
                0x0000000008000eb4                DMA2_Stream5_IRQHandler
                0x0000000008000eb4                DMA1_Stream5_IRQHandler
                0x0000000008000eb4                CORDIC_IRQHandler
                0x0000000008000eb4                BDMA_Channel1_IRQHandler
                0x0000000008000eb4                TAMP_STAMP_IRQHandler
                0x0000000008000eb4                EXTI3_IRQHandler
                0x0000000008000eb4                LPTIM4_IRQHandler
                0x0000000008000eb4                TIM8_TRG_COM_TIM14_IRQHandler
                0x0000000008000eb4                LPTIM2_IRQHandler
                0x0000000008000eb4                DFSDM1_FLT1_IRQHandler
                0x0000000008000eb4                DMAMUX2_OVR_IRQHandler
                0x0000000008000eb4                TIM8_UP_TIM13_IRQHandler
                0x0000000008000eb4                I2C3_ER_IRQHandler
                0x0000000008000eb4                DFSDM1_FLT2_IRQHandler
                0x0000000008000eb4                I2C5_EV_IRQHandler
                0x0000000008000eb4                USART10_IRQHandler
                0x0000000008000eb4                MDMA_IRQHandler
                0x0000000008000eb4                LPTIM3_IRQHandler
                0x0000000008000eb4                HSEM1_IRQHandler
                0x0000000008000eb4                EXTI0_IRQHandler
                0x0000000008000eb4                I2C2_EV_IRQHandler
                0x0000000008000eb4                DMA1_Stream2_IRQHandler
                0x0000000008000eb4                FPU_IRQHandler
                0x0000000008000eb4                OTG_HS_WKUP_IRQHandler
                0x0000000008000eb4                FDCAN1_IT1_IRQHandler
                0x0000000008000eb4                LTDC_ER_IRQHandler
                0x0000000008000eb4                DMA2_Stream2_IRQHandler
                0x0000000008000eb4                SPI1_IRQHandler
                0x0000000008000eb4                OCTOSPI1_IRQHandler
                0x0000000008000eb4                TIM6_DAC_IRQHandler
                0x0000000008000eb4                DMA2_Stream3_IRQHandler
                0x0000000008000eb4                OCTOSPI2_IRQHandler
                0x0000000008000eb4                DFSDM1_FLT3_IRQHandler
                0x0000000008000eb4                TIM23_IRQHandler
                0x0000000008000eb4                USART6_IRQHandler
                0x0000000008000eb4                TIM17_IRQHandler
                0x0000000008000eb4                USART3_IRQHandler
                0x0000000008000eb4                BDMA_Channel7_IRQHandler
                0x0000000008000eb4                LPTIM5_IRQHandler
                0x0000000008000eb4                UART5_IRQHandler
                0x0000000008000eb4                ADC3_IRQHandler
                0x0000000008000eb4                DMA2_Stream0_IRQHandler
                0x0000000008000eb4                TIM4_IRQHandler
                0x0000000008000eb4                BDMA_Channel2_IRQHandler
                0x0000000008000eb4                I2C1_EV_IRQHandler
                0x0000000008000eb4                DMA1_Stream6_IRQHandler
                0x0000000008000eb4                DMAMUX1_OVR_IRQHandler
                0x0000000008000eb4                DMA1_Stream1_IRQHandler
                0x0000000008000eb4                TIM16_IRQHandler
                0x0000000008000eb4                UART4_IRQHandler
                0x0000000008000eb4                BDMA_Channel5_IRQHandler
                0x0000000008000eb4                TIM3_IRQHandler
                0x0000000008000eb4                RCC_IRQHandler
                0x0000000008000eb4                UART9_IRQHandler
                0x0000000008000eb4                TIM8_BRK_TIM12_IRQHandler
                0x0000000008000eb4                TIM1_TRG_COM_IRQHandler
                0x0000000008000eb4                Default_Handler
                0x0000000008000eb4                ECC_IRQHandler
                0x0000000008000eb4                FMAC_IRQHandler
                0x0000000008000eb4                CEC_IRQHandler
                0x0000000008000eb4                EXTI15_10_IRQHandler
                0x0000000008000eb4                BDMA_Channel0_IRQHandler
                0x0000000008000eb4                ADC_IRQHandler
                0x0000000008000eb4                I2C5_ER_IRQHandler
                0x0000000008000eb4                DMA1_Stream7_IRQHandler
                0x0000000008000eb4                SPI5_IRQHandler
                0x0000000008000eb4                TIM7_IRQHandler
                0x0000000008000eb4                FDCAN3_IT1_IRQHandler
                0x0000000008000eb4                SDMMC1_IRQHandler
                0x0000000008000eb4                TIM5_IRQHandler
                0x0000000008000eb4                DMA2_Stream7_IRQHandler
                0x0000000008000eb4                TIM15_IRQHandler
                0x0000000008000eb4                PVD_AVD_IRQHandler
                0x0000000008000eb4                I2C3_EV_IRQHandler
                0x0000000008000eb4                EXTI9_5_IRQHandler
                0x0000000008000eb4                RTC_WKUP_IRQHandler
                0x0000000008000eb4                LTDC_IRQHandler
                0x0000000008000eb4                ETH_WKUP_IRQHandler
                0x0000000008000eb4                SPDIF_RX_IRQHandler
                0x0000000008000eb4                SPI2_IRQHandler
                0x0000000008000eb4                OTG_HS_EP1_IN_IRQHandler
                0x0000000008000eb4                DMA1_Stream0_IRQHandler
                0x0000000008000eb4                TIM24_IRQHandler
                0x0000000008000eb4                CRS_IRQHandler
                0x0000000008000eb4                EXTI4_IRQHandler
                0x0000000008000eb4                RNG_IRQHandler
                0x0000000008000eb4                FDCAN2_IT1_IRQHandler
                0x0000000008000eb4                ETH_IRQHandler
                0x0000000008000eb4                TIM1_UP_IRQHandler
                0x0000000008000eb4                BDMA_Channel4_IRQHandler
                0x0000000008000eb4                OTG_HS_EP1_OUT_IRQHandler
                0x0000000008000eb4                WWDG_IRQHandler
                0x0000000008000eb4                SPI6_IRQHandler
                0x0000000008000eb4                MDIOS_IRQHandler
                0x0000000008000eb4                I2C4_EV_IRQHandler
                0x0000000008000eb4                FDCAN2_IT0_IRQHandler
                0x0000000008000eb4                LPUART1_IRQHandler
                0x0000000008000eb4                FDCAN1_IT0_IRQHandler
                0x0000000008000eb4                TIM2_IRQHandler
                0x0000000008000eb4                OTG_HS_IRQHandler
                0x0000000008000eb4                DMA2D_IRQHandler
                0x0000000008000eb4                TIM1_BRK_IRQHandler
                0x0000000008000eb4                EXTI1_IRQHandler
                0x0000000008000eb4                SDMMC2_IRQHandler
                0x0000000008000eb4                BDMA_Channel3_IRQHandler
                0x0000000008000eb4                DTS_IRQHandler
                0x0000000008000eb4                UART7_IRQHandler
                0x0000000008000eb4                MDIOS_WKUP_IRQHandler
                0x0000000008000eb4                USART2_IRQHandler
                0x0000000008000eb4                DFSDM1_FLT0_IRQHandler
                0x0000000008000eb4                SAI4_IRQHandler
                0x0000000008000eb4                I2C2_ER_IRQHandler
                0x0000000008000eb4                DMA2_Stream1_IRQHandler
                0x0000000008000eb4                FLASH_IRQHandler
                0x0000000008000eb4                DMA2_Stream4_IRQHandler
                0x0000000008000eb4                USART1_IRQHandler
                0x0000000008000eb4                SPI3_IRQHandler
                0x0000000008000eb4                WAKEUP_PIN_IRQHandler
                0x0000000008000eb4                DMA1_Stream4_IRQHandler
                0x0000000008000eb4                I2C1_ER_IRQHandler
                0x0000000008000eb4                FMC_IRQHandler
                0x0000000008000eb4                FDCAN_CAL_IRQHandler
                0x0000000008000eb4                SWPMI1_IRQHandler
                0x0000000008000eb4                COMP1_IRQHandler
                0x0000000008000eb4                LPTIM1_IRQHandler
                0x0000000008000eb4                DCMI_PSSI_IRQHandler
                0x0000000008000eb4                I2C4_ER_IRQHandler
                0x0000000008000eb4                DMA2_Stream6_IRQHandler
                0x0000000008000eb4                SAI1_IRQHandler
                0x0000000008000eb4                DMA1_Stream3_IRQHandler
 *fill*         0x0000000008000eb6        0x2 
 .text.HAL_Init
                0x0000000008000eb8       0x78 ./Drivers/STM32H7xx_HAL_Driver/Src/stm32h7xx_hal.o
                0x0000000008000eb8                HAL_Init
 .text.HAL_InitTick
                0x0000000008000f30       0x6c ./Drivers/STM32H7xx_HAL_Driver/Src/stm32h7xx_hal.o
                0x0000000008000f30                HAL_InitTick
 .text.HAL_IncTick
                0x0000000008000f9c       0x28 ./Drivers/STM32H7xx_HAL_Driver/Src/stm32h7xx_hal.o
                0x0000000008000f9c                HAL_IncTick
 .text.HAL_GetTick
                0x0000000008000fc4       0x18 ./Drivers/STM32H7xx_HAL_Driver/Src/stm32h7xx_hal.o
                0x0000000008000fc4                HAL_GetTick
 .text.HAL_Delay
                0x0000000008000fdc       0x48 ./Drivers/STM32H7xx_HAL_Driver/Src/stm32h7xx_hal.o
                0x0000000008000fdc                HAL_Delay
 .text.HAL_SYSCFG_ETHInterfaceSelect
                0x0000000008001024       0x28 ./Drivers/STM32H7xx_HAL_Driver/Src/stm32h7xx_hal.o
                0x0000000008001024                HAL_SYSCFG_ETHInterfaceSelect
 .text.__NVIC_SetPriorityGrouping
                0x000000000800104c       0x48 ./Drivers/STM32H7xx_HAL_Driver/Src/stm32h7xx_hal_cortex.o
 .text.__NVIC_GetPriorityGrouping
                0x0000000008001094       0x1c ./Drivers/STM32H7xx_HAL_Driver/Src/stm32h7xx_hal_cortex.o
 .text.__NVIC_SetPriority
                0x00000000080010b0       0x54 ./Drivers/STM32H7xx_HAL_Driver/Src/stm32h7xx_hal_cortex.o
 .text.NVIC_EncodePriority
                0x0000000008001104       0x66 ./Drivers/STM32H7xx_HAL_Driver/Src/stm32h7xx_hal_cortex.o
 *fill*         0x000000000800116a        0x2 
 .text.SysTick_Config
                0x000000000800116c       0x44 ./Drivers/STM32H7xx_HAL_Driver/Src/stm32h7xx_hal_cortex.o
 .text.HAL_NVIC_SetPriorityGrouping
                0x00000000080011b0       0x16 ./Drivers/STM32H7xx_HAL_Driver/Src/stm32h7xx_hal_cortex.o
                0x00000000080011b0                HAL_NVIC_SetPriorityGrouping
 .text.HAL_NVIC_SetPriority
                0x00000000080011c6       0x34 ./Drivers/STM32H7xx_HAL_Driver/Src/stm32h7xx_hal_cortex.o
                0x00000000080011c6                HAL_NVIC_SetPriority
 .text.HAL_SYSTICK_Config
                0x00000000080011fa       0x18 ./Drivers/STM32H7xx_HAL_Driver/Src/stm32h7xx_hal_cortex.o
                0x00000000080011fa                HAL_SYSTICK_Config
 *fill*         0x0000000008001212        0x2 
 .text.HAL_ETH_Init
                0x0000000008001214      0x1cc ./Drivers/STM32H7xx_HAL_Driver/Src/stm32h7xx_hal_eth.o
                0x0000000008001214                HAL_ETH_Init
 .text.HAL_ETH_SetMDIOClockRange
                0x00000000080013e0       0xb0 ./Drivers/STM32H7xx_HAL_Driver/Src/stm32h7xx_hal_eth.o
                0x00000000080013e0                HAL_ETH_SetMDIOClockRange
 .text.ETH_SetMACConfig
                0x0000000008001490      0x238 ./Drivers/STM32H7xx_HAL_Driver/Src/stm32h7xx_hal_eth.o
 .text.ETH_SetDMAConfig
                0x00000000080016c8      0x10c ./Drivers/STM32H7xx_HAL_Driver/Src/stm32h7xx_hal_eth.o
 .text.ETH_MACDMAConfig
                0x00000000080017d4      0x13a ./Drivers/STM32H7xx_HAL_Driver/Src/stm32h7xx_hal_eth.o
 .text.ETH_DMATxDescListInit
                0x000000000800190e       0x92 ./Drivers/STM32H7xx_HAL_Driver/Src/stm32h7xx_hal_eth.o
 .text.ETH_DMARxDescListInit
                0x00000000080019a0       0xba ./Drivers/STM32H7xx_HAL_Driver/Src/stm32h7xx_hal_eth.o
 *fill*         0x0000000008001a5a        0x2 
 .text.HAL_GPIO_Init
                0x0000000008001a5c      0x350 ./Drivers/STM32H7xx_HAL_Driver/Src/stm32h7xx_hal_gpio.o
                0x0000000008001a5c                HAL_GPIO_Init
 .text.HAL_GPIO_WritePin
                0x0000000008001dac       0x32 ./Drivers/STM32H7xx_HAL_Driver/Src/stm32h7xx_hal_gpio.o
                0x0000000008001dac                HAL_GPIO_WritePin
 .text.HAL_GPIO_TogglePin
                0x0000000008001dde       0x34 ./Drivers/STM32H7xx_HAL_Driver/Src/stm32h7xx_hal_gpio.o
                0x0000000008001dde                HAL_GPIO_TogglePin
 *fill*         0x0000000008001e12        0x2 
 .text.HAL_PWREx_ConfigSupply
                0x0000000008001e14       0x74 ./Drivers/STM32H7xx_HAL_Driver/Src/stm32h7xx_hal_pwr_ex.o
                0x0000000008001e14                HAL_PWREx_ConfigSupply
 .text.HAL_RCC_OscConfig
                0x0000000008001e88      0x7b4 ./Drivers/STM32H7xx_HAL_Driver/Src/stm32h7xx_hal_rcc.o
                0x0000000008001e88                HAL_RCC_OscConfig
 .text.HAL_RCC_ClockConfig
                0x000000000800263c      0x36c ./Drivers/STM32H7xx_HAL_Driver/Src/stm32h7xx_hal_rcc.o
                0x000000000800263c                HAL_RCC_ClockConfig
 .text.HAL_RCC_GetSysClockFreq
                0x00000000080029a8      0x2f4 ./Drivers/STM32H7xx_HAL_Driver/Src/stm32h7xx_hal_rcc.o
                0x00000000080029a8                HAL_RCC_GetSysClockFreq
 .text.HAL_RCC_GetHCLKFreq
                0x0000000008002c9c       0x60 ./Drivers/STM32H7xx_HAL_Driver/Src/stm32h7xx_hal_rcc.o
                0x0000000008002c9c                HAL_RCC_GetHCLKFreq
 .text.HAL_RCC_GetPCLK1Freq
                0x0000000008002cfc       0x2c ./Drivers/STM32H7xx_HAL_Driver/Src/stm32h7xx_hal_rcc.o
                0x0000000008002cfc                HAL_RCC_GetPCLK1Freq
 .text.HAL_RCC_GetPCLK2Freq
                0x0000000008002d28       0x2c ./Drivers/STM32H7xx_HAL_Driver/Src/stm32h7xx_hal_rcc.o
                0x0000000008002d28                HAL_RCC_GetPCLK2Freq
 .text.HAL_RCCEx_PeriphCLKConfig
                0x0000000008002d54     0x1340 ./Drivers/STM32H7xx_HAL_Driver/Src/stm32h7xx_hal_rcc_ex.o
                0x0000000008002d54                HAL_RCCEx_PeriphCLKConfig
 .text.HAL_RCCEx_GetD3PCLK1Freq
                0x0000000008004094       0x2c ./Drivers/STM32H7xx_HAL_Driver/Src/stm32h7xx_hal_rcc_ex.o
                0x0000000008004094                HAL_RCCEx_GetD3PCLK1Freq
 .text.HAL_RCCEx_GetPLL2ClockFreq
                0x00000000080040c0      0x2a8 ./Drivers/STM32H7xx_HAL_Driver/Src/stm32h7xx_hal_rcc_ex.o
                0x00000000080040c0                HAL_RCCEx_GetPLL2ClockFreq
 .text.HAL_RCCEx_GetPLL3ClockFreq
                0x0000000008004368      0x2a8 ./Drivers/STM32H7xx_HAL_Driver/Src/stm32h7xx_hal_rcc_ex.o
                0x0000000008004368                HAL_RCCEx_GetPLL3ClockFreq
 .text.RCCEx_PLL2_Config
                0x0000000008004610      0x164 ./Drivers/STM32H7xx_HAL_Driver/Src/stm32h7xx_hal_rcc_ex.o
 .text.RCCEx_PLL3_Config
                0x0000000008004774      0x164 ./Drivers/STM32H7xx_HAL_Driver/Src/stm32h7xx_hal_rcc_ex.o
 .text.HAL_UART_Init
                0x00000000080048d8       0xa0 ./Drivers/STM32H7xx_HAL_Driver/Src/stm32h7xx_hal_uart.o
                0x00000000080048d8                HAL_UART_Init
 .text.UART_SetConfig
                0x0000000008004978      0xcd8 ./Drivers/STM32H7xx_HAL_Driver/Src/stm32h7xx_hal_uart.o
                0x0000000008004978                UART_SetConfig
 .text.UART_AdvFeatureConfig
                0x0000000008005650      0x144 ./Drivers/STM32H7xx_HAL_Driver/Src/stm32h7xx_hal_uart.o
                0x0000000008005650                UART_AdvFeatureConfig
 .text.UART_CheckIdleState
                0x0000000008005794      0x154 ./Drivers/STM32H7xx_HAL_Driver/Src/stm32h7xx_hal_uart.o
                0x0000000008005794                UART_CheckIdleState
 .text.UART_WaitOnFlagUntilTimeout
                0x00000000080058e8       0xce ./Drivers/STM32H7xx_HAL_Driver/Src/stm32h7xx_hal_uart.o
                0x00000000080058e8                UART_WaitOnFlagUntilTimeout
 *fill*         0x00000000080059b6        0x2 
 .text.UART_EndRxTransfer
                0x00000000080059b8       0xcc ./Drivers/STM32H7xx_HAL_Driver/Src/stm32h7xx_hal_uart.o
 .text.HAL_UARTEx_DisableFifoMode
                0x0000000008005a84       0x72 ./Drivers/STM32H7xx_HAL_Driver/Src/stm32h7xx_hal_uart_ex.o
                0x0000000008005a84                HAL_UARTEx_DisableFifoMode
 .text.HAL_UARTEx_SetTxFifoThreshold
                0x0000000008005af6       0x7c ./Drivers/STM32H7xx_HAL_Driver/Src/stm32h7xx_hal_uart_ex.o
                0x0000000008005af6                HAL_UARTEx_SetTxFifoThreshold
 .text.HAL_UARTEx_SetRxFifoThreshold
                0x0000000008005b72       0x7c ./Drivers/STM32H7xx_HAL_Driver/Src/stm32h7xx_hal_uart_ex.o
                0x0000000008005b72                HAL_UARTEx_SetRxFifoThreshold
 *fill*         0x0000000008005bee        0x2 
 .text.UARTEx_SetNbDataToProcess
                0x0000000008005bf0       0x9c ./Drivers/STM32H7xx_HAL_Driver/Src/stm32h7xx_hal_uart_ex.o
 .text.__libc_init_array
                0x0000000008005c8c       0x48 c:/st/stm32cubeide_1.12.1/stm32cubeide/plugins/com.st.stm32cube.ide.mcu.externaltools.gnu-tools-for-stm32.10.3-2021.10.win32_1.0.200.202301161003/tools/bin/../lib/gcc/arm-none-eabi/10.3.1/../../../../arm-none-eabi/lib/thumb/v7e-m+dp/hard\libc_nano.a(lib_a-init.o)
                0x0000000008005c8c                __libc_init_array
 .text.memset   0x0000000008005cd4       0x10 c:/st/stm32cubeide_1.12.1/stm32cubeide/plugins/com.st.stm32cube.ide.mcu.externaltools.gnu-tools-for-stm32.10.3-2021.10.win32_1.0.200.202301161003/tools/bin/../lib/gcc/arm-none-eabi/10.3.1/../../../../arm-none-eabi/lib/thumb/v7e-m+dp/hard\libc_nano.a(lib_a-memset.o)
                0x0000000008005cd4                memset
 *(.glue_7)
 .glue_7        0x0000000008005ce4        0x0 linker stubs
 *(.glue_7t)
 .glue_7t       0x0000000008005ce4        0x0 linker stubs
 *(.eh_frame)
 .eh_frame      0x0000000008005ce4        0x0 c:/st/stm32cubeide_1.12.1/stm32cubeide/plugins/com.st.stm32cube.ide.mcu.externaltools.gnu-tools-for-stm32.10.3-2021.10.win32_1.0.200.202301161003/tools/bin/../lib/gcc/arm-none-eabi/10.3.1/thumb/v7e-m+dp/hard/crtbegin.o
 *(.init)
 .init          0x0000000008005ce4        0x4 c:/st/stm32cubeide_1.12.1/stm32cubeide/plugins/com.st.stm32cube.ide.mcu.externaltools.gnu-tools-for-stm32.10.3-2021.10.win32_1.0.200.202301161003/tools/bin/../lib/gcc/arm-none-eabi/10.3.1/thumb/v7e-m+dp/hard/crti.o
                0x0000000008005ce4                _init
 .init          0x0000000008005ce8        0x8 c:/st/stm32cubeide_1.12.1/stm32cubeide/plugins/com.st.stm32cube.ide.mcu.externaltools.gnu-tools-for-stm32.10.3-2021.10.win32_1.0.200.202301161003/tools/bin/../lib/gcc/arm-none-eabi/10.3.1/thumb/v7e-m+dp/hard/crtn.o
 *(.fini)
 .fini          0x0000000008005cf0        0x4 c:/st/stm32cubeide_1.12.1/stm32cubeide/plugins/com.st.stm32cube.ide.mcu.externaltools.gnu-tools-for-stm32.10.3-2021.10.win32_1.0.200.202301161003/tools/bin/../lib/gcc/arm-none-eabi/10.3.1/thumb/v7e-m+dp/hard/crti.o
                0x0000000008005cf0                _fini
 .fini          0x0000000008005cf4        0x8 c:/st/stm32cubeide_1.12.1/stm32cubeide/plugins/com.st.stm32cube.ide.mcu.externaltools.gnu-tools-for-stm32.10.3-2021.10.win32_1.0.200.202301161003/tools/bin/../lib/gcc/arm-none-eabi/10.3.1/thumb/v7e-m+dp/hard/crtn.o
                0x0000000008005cfc                . = ALIGN (0x4)
                0x0000000008005cfc                _etext = .

.vfp11_veneer   0x0000000008005cfc        0x0
 .vfp11_veneer  0x0000000008005cfc        0x0 linker stubs

.v4_bx          0x0000000008005cfc        0x0
 .v4_bx         0x0000000008005cfc        0x0 linker stubs

.iplt           0x0000000008005cfc        0x0
 .iplt          0x0000000008005cfc        0x0 c:/st/stm32cubeide_1.12.1/stm32cubeide/plugins/com.st.stm32cube.ide.mcu.externaltools.gnu-tools-for-stm32.10.3-2021.10.win32_1.0.200.202301161003/tools/bin/../lib/gcc/arm-none-eabi/10.3.1/thumb/v7e-m+dp/hard/crtbegin.o

.rodata         0x0000000008005cfc       0x38
                0x0000000008005cfc                . = ALIGN (0x4)
 *(.rodata)
 *(.rodata*)
 .rodata.D1CorePrescTable
                0x0000000008005cfc       0x10 ./Core/Src/system_stm32h7xx.o
                0x0000000008005cfc                D1CorePrescTable
 .rodata.UARTPrescTable
                0x0000000008005d0c       0x18 ./Drivers/STM32H7xx_HAL_Driver/Src/stm32h7xx_hal_uart.o
                0x0000000008005d0c                UARTPrescTable
 .rodata.numerator.1
                0x0000000008005d24        0x8 ./Drivers/STM32H7xx_HAL_Driver/Src/stm32h7xx_hal_uart_ex.o
 .rodata.denominator.0
                0x0000000008005d2c        0x8 ./Drivers/STM32H7xx_HAL_Driver/Src/stm32h7xx_hal_uart_ex.o
                0x0000000008005d34                . = ALIGN (0x4)

.ARM.extab
 *(.ARM.extab* .gnu.linkonce.armextab.*)

.ARM            0x0000000008005d34        0x8
                0x0000000008005d34                __exidx_start = .
 *(.ARM.exidx*)
 .ARM.exidx     0x0000000008005d34        0x8 c:/st/stm32cubeide_1.12.1/stm32cubeide/plugins/com.st.stm32cube.ide.mcu.externaltools.gnu-tools-for-stm32.10.3-2021.10.win32_1.0.200.202301161003/tools/bin/../lib/gcc/arm-none-eabi/10.3.1/thumb/v7e-m+dp/hard\libgcc.a(_udivmoddi4.o)
                0x0000000008005d3c                __exidx_end = .

.rel.dyn        0x0000000008005d3c        0x0
 .rel.iplt      0x0000000008005d3c        0x0 c:/st/stm32cubeide_1.12.1/stm32cubeide/plugins/com.st.stm32cube.ide.mcu.externaltools.gnu-tools-for-stm32.10.3-2021.10.win32_1.0.200.202301161003/tools/bin/../lib/gcc/arm-none-eabi/10.3.1/thumb/v7e-m+dp/hard/crtbegin.o

.preinit_array  0x0000000008005d3c        0x0
                0x0000000008005d3c                PROVIDE (__preinit_array_start = .)
 *(.preinit_array*)
                0x0000000008005d3c                PROVIDE (__preinit_array_end = .)

.init_array     0x0000000008005d3c        0x4
                0x0000000008005d3c                PROVIDE (__init_array_start = .)
 *(SORT_BY_NAME(.init_array.*))
 *(.init_array*)
 .init_array    0x0000000008005d3c        0x4 c:/st/stm32cubeide_1.12.1/stm32cubeide/plugins/com.st.stm32cube.ide.mcu.externaltools.gnu-tools-for-stm32.10.3-2021.10.win32_1.0.200.202301161003/tools/bin/../lib/gcc/arm-none-eabi/10.3.1/thumb/v7e-m+dp/hard/crtbegin.o
                0x0000000008005d40                PROVIDE (__init_array_end = .)

.fini_array     0x0000000008005d40        0x4
                [!provide]                        PROVIDE (__fini_array_start = .)
 *(SORT_BY_NAME(.fini_array.*))
 *(.fini_array*)
 .fini_array    0x0000000008005d40        0x4 c:/st/stm32cubeide_1.12.1/stm32cubeide/plugins/com.st.stm32cube.ide.mcu.externaltools.gnu-tools-for-stm32.10.3-2021.10.win32_1.0.200.202301161003/tools/bin/../lib/gcc/arm-none-eabi/10.3.1/thumb/v7e-m+dp/hard/crtbegin.o
                [!provide]                        PROVIDE (__fini_array_end = .)
                0x0000000008005d44                _sidata = LOADADDR (.data)

.data           0x0000000024000000       0x10 load address 0x0000000008005d44
                0x0000000024000000                . = ALIGN (0x4)
                0x0000000024000000                _sdata = .
 *(.data)
 *(.data*)
 .data.SystemCoreClock
                0x0000000024000000        0x4 ./Core/Src/system_stm32h7xx.o
                0x0000000024000000                SystemCoreClock
 .data.SystemD2Clock
                0x0000000024000004        0x4 ./Core/Src/system_stm32h7xx.o
                0x0000000024000004                SystemD2Clock
 .data.uwTickPrio
                0x0000000024000008        0x4 ./Drivers/STM32H7xx_HAL_Driver/Src/stm32h7xx_hal.o
                0x0000000024000008                uwTickPrio
 .data.uwTickFreq
                0x000000002400000c        0x1 ./Drivers/STM32H7xx_HAL_Driver/Src/stm32h7xx_hal.o
                0x000000002400000c                uwTickFreq
 *(.RamFunc)
 *(.RamFunc*)
                0x0000000024000010                . = ALIGN (0x4)
 *fill*         0x000000002400000d        0x3 
                0x0000000024000010                _edata = .

.igot.plt       0x0000000024000010        0x0 load address 0x0000000008005d54
 .igot.plt      0x0000000024000010        0x0 c:/st/stm32cubeide_1.12.1/stm32cubeide/plugins/com.st.stm32cube.ide.mcu.externaltools.gnu-tools-for-stm32.10.3-2021.10.win32_1.0.200.202301161003/tools/bin/../lib/gcc/arm-none-eabi/10.3.1/thumb/v7e-m+dp/hard/crtbegin.o

.RxDecripSection
                0x0000000024000010       0x60 load address 0x0000000008005d54
 .RxDecripSection
                0x0000000024000010       0x60 ./Core/Src/eth.o
                0x0000000024000010                DMARxDscrTab

.TxDecripSection
                0x0000000024000070       0x60 load address 0x0000000008005db4
 .TxDecripSection
                0x0000000024000070       0x60 ./Core/Src/eth.o
                0x0000000024000070                DMATxDscrTab
                0x00000000240000d0                . = ALIGN (0x4)

.bss            0x00000000240000d0      0x1a4 load address 0x0000000008005e14
                0x00000000240000d0                _sbss = .
                0x00000000240000d0                __bss_start__ = _sbss
 *(.bss)
 .bss           0x00000000240000d0       0x1c c:/st/stm32cubeide_1.12.1/stm32cubeide/plugins/com.st.stm32cube.ide.mcu.externaltools.gnu-tools-for-stm32.10.3-2021.10.win32_1.0.200.202301161003/tools/bin/../lib/gcc/arm-none-eabi/10.3.1/thumb/v7e-m+dp/hard/crtbegin.o
 *(.bss*)
 .bss.TxConfig  0x00000000240000ec       0x38 ./Core/Src/eth.o
                0x00000000240000ec                TxConfig
 .bss.heth      0x0000000024000124       0xb0 ./Core/Src/eth.o
                0x0000000024000124                heth
 .bss.MACAddr.0
                0x00000000240001d4        0x6 ./Core/Src/eth.o
 *fill*         0x00000000240001da        0x2 
 .bss.huart3    0x00000000240001dc       0x94 ./Core/Src/usart.o
                0x00000000240001dc                huart3
 .bss.uwTick    0x0000000024000270        0x4 ./Drivers/STM32H7xx_HAL_Driver/Src/stm32h7xx_hal.o
                0x0000000024000270                uwTick
 *(COMMON)
                0x0000000024000274                . = ALIGN (0x4)
                0x0000000024000274                _ebss = .
                0x0000000024000274                __bss_end__ = _ebss

._user_heap_stack
                0x0000000024000274      0x604 load address 0x0000000008005e14
                0x0000000024000278                . = ALIGN (0x8)
 *fill*         0x0000000024000274        0x4 
                [!provide]                        PROVIDE (end = .)
                0x0000000024000278                PROVIDE (_end = .)
                0x0000000024000478                . = (. + _Min_Heap_Size)
 *fill*         0x0000000024000278      0x200 
                0x0000000024000878                . = (. + _Min_Stack_Size)
 *fill*         0x0000000024000478      0x400 
                0x0000000024000878                . = ALIGN (0x8)

/DISCARD/
 libc.a(*)
 libm.a(*)
 libgcc.a(*)

.ARM.attributes
                0x0000000000000000       0x2e
 *(.ARM.attributes)
 .ARM.attributes
                0x0000000000000000       0x1e c:/st/stm32cubeide_1.12.1/stm32cubeide/plugins/com.st.stm32cube.ide.mcu.externaltools.gnu-tools-for-stm32.10.3-2021.10.win32_1.0.200.202301161003/tools/bin/../lib/gcc/arm-none-eabi/10.3.1/thumb/v7e-m+dp/hard/crti.o
 .ARM.attributes
                0x000000000000001e       0x32 c:/st/stm32cubeide_1.12.1/stm32cubeide/plugins/com.st.stm32cube.ide.mcu.externaltools.gnu-tools-for-stm32.10.3-2021.10.win32_1.0.200.202301161003/tools/bin/../lib/gcc/arm-none-eabi/10.3.1/thumb/v7e-m+dp/hard/crtbegin.o
 .ARM.attributes
                0x0000000000000050       0x32 ./Core/Src/eth.o
 .ARM.attributes
                0x0000000000000082       0x32 ./Core/Src/gpio.o
 .ARM.attributes
                0x00000000000000b4       0x32 ./Core/Src/main.o
 .ARM.attributes
                0x00000000000000e6       0x32 ./Core/Src/stm32h7xx_hal_msp.o
 .ARM.attributes
                0x0000000000000118       0x32 ./Core/Src/stm32h7xx_it.o
 .ARM.attributes
                0x000000000000014a       0x32 ./Core/Src/system_stm32h7xx.o
 .ARM.attributes
                0x000000000000017c       0x32 ./Core/Src/usart.o
 .ARM.attributes
                0x00000000000001ae       0x32 ./Core/Src/usb_otg.o
 .ARM.attributes
                0x00000000000001e0       0x21 ./Core/Startup/startup_stm32h723zgtx.o
 .ARM.attributes
                0x0000000000000201       0x32 ./Drivers/STM32H7xx_HAL_Driver/Src/stm32h7xx_hal.o
 .ARM.attributes
                0x0000000000000233       0x32 ./Drivers/STM32H7xx_HAL_Driver/Src/stm32h7xx_hal_cortex.o
 .ARM.attributes
                0x0000000000000265       0x32 ./Drivers/STM32H7xx_HAL_Driver/Src/stm32h7xx_hal_eth.o
 .ARM.attributes
                0x0000000000000297       0x32 ./Drivers/STM32H7xx_HAL_Driver/Src/stm32h7xx_hal_gpio.o
 .ARM.attributes
                0x00000000000002c9       0x32 ./Drivers/STM32H7xx_HAL_Driver/Src/stm32h7xx_hal_pwr_ex.o
 .ARM.attributes
                0x00000000000002fb       0x32 ./Drivers/STM32H7xx_HAL_Driver/Src/stm32h7xx_hal_rcc.o
 .ARM.attributes
                0x000000000000032d       0x32 ./Drivers/STM32H7xx_HAL_Driver/Src/stm32h7xx_hal_rcc_ex.o
 .ARM.attributes
                0x000000000000035f       0x32 ./Drivers/STM32H7xx_HAL_Driver/Src/stm32h7xx_hal_uart.o
 .ARM.attributes
                0x0000000000000391       0x32 ./Drivers/STM32H7xx_HAL_Driver/Src/stm32h7xx_hal_uart_ex.o
 .ARM.attributes
                0x00000000000003c3       0x32 c:/st/stm32cubeide_1.12.1/stm32cubeide/plugins/com.st.stm32cube.ide.mcu.externaltools.gnu-tools-for-stm32.10.3-2021.10.win32_1.0.200.202301161003/tools/bin/../lib/gcc/arm-none-eabi/10.3.1/../../../../arm-none-eabi/lib/thumb/v7e-m+dp/hard\libc_nano.a(lib_a-init.o)
 .ARM.attributes
                0x00000000000003f5       0x32 c:/st/stm32cubeide_1.12.1/stm32cubeide/plugins/com.st.stm32cube.ide.mcu.externaltools.gnu-tools-for-stm32.10.3-2021.10.win32_1.0.200.202301161003/tools/bin/../lib/gcc/arm-none-eabi/10.3.1/../../../../arm-none-eabi/lib/thumb/v7e-m+dp/hard\libc_nano.a(lib_a-memset.o)
 .ARM.attributes
                0x0000000000000427       0x1e c:/st/stm32cubeide_1.12.1/stm32cubeide/plugins/com.st.stm32cube.ide.mcu.externaltools.gnu-tools-for-stm32.10.3-2021.10.win32_1.0.200.202301161003/tools/bin/../lib/gcc/arm-none-eabi/10.3.1/thumb/v7e-m+dp/hard\libgcc.a(_aeabi_uldivmod.o)
 .ARM.attributes
                0x0000000000000445       0x32 c:/st/stm32cubeide_1.12.1/stm32cubeide/plugins/com.st.stm32cube.ide.mcu.externaltools.gnu-tools-for-stm32.10.3-2021.10.win32_1.0.200.202301161003/tools/bin/../lib/gcc/arm-none-eabi/10.3.1/thumb/v7e-m+dp/hard\libgcc.a(_udivmoddi4.o)
 .ARM.attributes
                0x0000000000000477       0x1e c:/st/stm32cubeide_1.12.1/stm32cubeide/plugins/com.st.stm32cube.ide.mcu.externaltools.gnu-tools-for-stm32.10.3-2021.10.win32_1.0.200.202301161003/tools/bin/../lib/gcc/arm-none-eabi/10.3.1/thumb/v7e-m+dp/hard\libgcc.a(_dvmd_tls.o)
 .ARM.attributes
                0x0000000000000495       0x1e c:/st/stm32cubeide_1.12.1/stm32cubeide/plugins/com.st.stm32cube.ide.mcu.externaltools.gnu-tools-for-stm32.10.3-2021.10.win32_1.0.200.202301161003/tools/bin/../lib/gcc/arm-none-eabi/10.3.1/thumb/v7e-m+dp/hard/crtn.o
OUTPUT(nucleo_h723_test.elf elf32-littlearm)
LOAD linker stubs
LOAD c:/st/stm32cubeide_1.12.1/stm32cubeide/plugins/com.st.stm32cube.ide.mcu.externaltools.gnu-tools-for-stm32.10.3-2021.10.win32_1.0.200.202301161003/tools/bin/../lib/gcc/arm-none-eabi/10.3.1/../../../../arm-none-eabi/lib/thumb/v7e-m+dp/hard\libc.a
LOAD c:/st/stm32cubeide_1.12.1/stm32cubeide/plugins/com.st.stm32cube.ide.mcu.externaltools.gnu-tools-for-stm32.10.3-2021.10.win32_1.0.200.202301161003/tools/bin/../lib/gcc/arm-none-eabi/10.3.1/../../../../arm-none-eabi/lib/thumb/v7e-m+dp/hard\libm.a
LOAD c:/st/stm32cubeide_1.12.1/stm32cubeide/plugins/com.st.stm32cube.ide.mcu.externaltools.gnu-tools-for-stm32.10.3-2021.10.win32_1.0.200.202301161003/tools/bin/../lib/gcc/arm-none-eabi/10.3.1/thumb/v7e-m+dp/hard\libgcc.a

.debug_info     0x0000000000000000    0x13602
 .debug_info    0x0000000000000000     0x1817 ./Core/Src/eth.o
 .debug_info    0x0000000000001817      0x6fa ./Core/Src/gpio.o
 .debug_info    0x0000000000001f11      0x562 ./Core/Src/main.o
 .debug_info    0x0000000000002473      0x4a4 ./Core/Src/stm32h7xx_hal_msp.o
 .debug_info    0x0000000000002917      0x137 ./Core/Src/stm32h7xx_it.o
 .debug_info    0x0000000000002a4e      0xb45 ./Core/Src/system_stm32h7xx.o
 .debug_info    0x0000000000003593     0x10f0 ./Core/Src/usart.o
 .debug_info    0x0000000000004683       0x9e ./Core/Src/usb_otg.o
 .debug_info    0x0000000000004721       0x22 ./Core/Startup/startup_stm32h723zgtx.o
 .debug_info    0x0000000000004743     0x1746 ./Drivers/STM32H7xx_HAL_Driver/Src/stm32h7xx_hal.o
 .debug_info    0x0000000000005e89     0x1161 ./Drivers/STM32H7xx_HAL_Driver/Src/stm32h7xx_hal_cortex.o
 .debug_info    0x0000000000006fea     0x2b44 ./Drivers/STM32H7xx_HAL_Driver/Src/stm32h7xx_hal_eth.o
 .debug_info    0x0000000000009b2e      0xd37 ./Drivers/STM32H7xx_HAL_Driver/Src/stm32h7xx_hal_gpio.o
 .debug_info    0x000000000000a865      0xe71 ./Drivers/STM32H7xx_HAL_Driver/Src/stm32h7xx_hal_pwr_ex.o
 .debug_info    0x000000000000b6d6      0xe4a ./Drivers/STM32H7xx_HAL_Driver/Src/stm32h7xx_hal_rcc.o
 .debug_info    0x000000000000c520     0x12be ./Drivers/STM32H7xx_HAL_Driver/Src/stm32h7xx_hal_rcc_ex.o
 .debug_info    0x000000000000d7de     0x4dca ./Drivers/STM32H7xx_HAL_Driver/Src/stm32h7xx_hal_uart.o
 .debug_info    0x00000000000125a8     0x105a ./Drivers/STM32H7xx_HAL_Driver/Src/stm32h7xx_hal_uart_ex.o

.debug_abbrev   0x0000000000000000     0x2267
 .debug_abbrev  0x0000000000000000      0x23f ./Core/Src/eth.o
 .debug_abbrev  0x000000000000023f      0x17b ./Core/Src/gpio.o
 .debug_abbrev  0x00000000000003ba      0x1d6 ./Core/Src/main.o
 .debug_abbrev  0x0000000000000590       0xda ./Core/Src/stm32h7xx_hal_msp.o
 .debug_abbrev  0x000000000000066a       0x74 ./Core/Src/stm32h7xx_it.o
 .debug_abbrev  0x00000000000006de      0x136 ./Core/Src/system_stm32h7xx.o
 .debug_abbrev  0x0000000000000814      0x233 ./Core/Src/usart.o
 .debug_abbrev  0x0000000000000a47       0x47 ./Core/Src/usb_otg.o
 .debug_abbrev  0x0000000000000a8e       0x12 ./Core/Startup/startup_stm32h723zgtx.o
 .debug_abbrev  0x0000000000000aa0      0x292 ./Drivers/STM32H7xx_HAL_Driver/Src/stm32h7xx_hal.o
 .debug_abbrev  0x0000000000000d32      0x329 ./Drivers/STM32H7xx_HAL_Driver/Src/stm32h7xx_hal_cortex.o
 .debug_abbrev  0x000000000000105b      0x2bd ./Drivers/STM32H7xx_HAL_Driver/Src/stm32h7xx_hal_eth.o
 .debug_abbrev  0x0000000000001318      0x1ec ./Drivers/STM32H7xx_HAL_Driver/Src/stm32h7xx_hal_gpio.o
 .debug_abbrev  0x0000000000001504      0x27e ./Drivers/STM32H7xx_HAL_Driver/Src/stm32h7xx_hal_pwr_ex.o
 .debug_abbrev  0x0000000000001782      0x2a7 ./Drivers/STM32H7xx_HAL_Driver/Src/stm32h7xx_hal_rcc.o
 .debug_abbrev  0x0000000000001a29      0x25c ./Drivers/STM32H7xx_HAL_Driver/Src/stm32h7xx_hal_rcc_ex.o
 .debug_abbrev  0x0000000000001c85      0x325 ./Drivers/STM32H7xx_HAL_Driver/Src/stm32h7xx_hal_uart.o
 .debug_abbrev  0x0000000000001faa      0x2bd ./Drivers/STM32H7xx_HAL_Driver/Src/stm32h7xx_hal_uart_ex.o

.debug_aranges  0x0000000000000000      0xc70
 .debug_aranges
                0x0000000000000000       0x30 ./Core/Src/eth.o
 .debug_aranges
                0x0000000000000030       0x20 ./Core/Src/gpio.o
 .debug_aranges
                0x0000000000000050       0x30 ./Core/Src/main.o
 .debug_aranges
                0x0000000000000080       0x20 ./Core/Src/stm32h7xx_hal_msp.o
 .debug_aranges
                0x00000000000000a0       0x60 ./Core/Src/stm32h7xx_it.o
 .debug_aranges
                0x0000000000000100       0x28 ./Core/Src/system_stm32h7xx.o
 .debug_aranges
                0x0000000000000128       0x30 ./Core/Src/usart.o
 .debug_aranges
                0x0000000000000158       0x20 ./Core/Src/usb_otg.o
 .debug_aranges
                0x0000000000000178       0x28 ./Core/Startup/startup_stm32h723zgtx.o
 .debug_aranges
                0x00000000000001a0      0x1c8 ./Drivers/STM32H7xx_HAL_Driver/Src/stm32h7xx_hal.o
 .debug_aranges
                0x0000000000000368      0x120 ./Drivers/STM32H7xx_HAL_Driver/Src/stm32h7xx_hal_cortex.o
 .debug_aranges
                0x0000000000000488      0x1d8 ./Drivers/STM32H7xx_HAL_Driver/Src/stm32h7xx_hal_eth.o
 .debug_aranges
                0x0000000000000660       0x58 ./Drivers/STM32H7xx_HAL_Driver/Src/stm32h7xx_hal_gpio.o
 .debug_aranges
                0x00000000000006b8      0x148 ./Drivers/STM32H7xx_HAL_Driver/Src/stm32h7xx_hal_pwr_ex.o
 .debug_aranges
                0x0000000000000800       0x88 ./Drivers/STM32H7xx_HAL_Driver/Src/stm32h7xx_hal_rcc.o
 .debug_aranges
                0x0000000000000888       0xf8 ./Drivers/STM32H7xx_HAL_Driver/Src/stm32h7xx_hal_rcc_ex.o
 .debug_aranges
                0x0000000000000980      0x248 ./Drivers/STM32H7xx_HAL_Driver/Src/stm32h7xx_hal_uart.o
 .debug_aranges
                0x0000000000000bc8       0xa8 ./Drivers/STM32H7xx_HAL_Driver/Src/stm32h7xx_hal_uart_ex.o

.debug_ranges   0x0000000000000000      0xb88
 .debug_ranges  0x0000000000000000       0x20 ./Core/Src/eth.o
 .debug_ranges  0x0000000000000020       0x10 ./Core/Src/gpio.o
 .debug_ranges  0x0000000000000030       0x20 ./Core/Src/main.o
 .debug_ranges  0x0000000000000050       0x10 ./Core/Src/stm32h7xx_hal_msp.o
 .debug_ranges  0x0000000000000060       0x50 ./Core/Src/stm32h7xx_it.o
 .debug_ranges  0x00000000000000b0       0x18 ./Core/Src/system_stm32h7xx.o
 .debug_ranges  0x00000000000000c8       0x20 ./Core/Src/usart.o
 .debug_ranges  0x00000000000000e8       0x10 ./Core/Src/usb_otg.o
 .debug_ranges  0x00000000000000f8       0x20 ./Core/Startup/startup_stm32h723zgtx.o
 .debug_ranges  0x0000000000000118      0x1b8 ./Drivers/STM32H7xx_HAL_Driver/Src/stm32h7xx_hal.o
 .debug_ranges  0x00000000000002d0      0x110 ./Drivers/STM32H7xx_HAL_Driver/Src/stm32h7xx_hal_cortex.o
 .debug_ranges  0x00000000000003e0      0x1c8 ./Drivers/STM32H7xx_HAL_Driver/Src/stm32h7xx_hal_eth.o
 .debug_ranges  0x00000000000005a8       0x48 ./Drivers/STM32H7xx_HAL_Driver/Src/stm32h7xx_hal_gpio.o
 .debug_ranges  0x00000000000005f0      0x138 ./Drivers/STM32H7xx_HAL_Driver/Src/stm32h7xx_hal_pwr_ex.o
 .debug_ranges  0x0000000000000728       0x78 ./Drivers/STM32H7xx_HAL_Driver/Src/stm32h7xx_hal_rcc.o
 .debug_ranges  0x00000000000007a0       0xe8 ./Drivers/STM32H7xx_HAL_Driver/Src/stm32h7xx_hal_rcc_ex.o
 .debug_ranges  0x0000000000000888      0x268 ./Drivers/STM32H7xx_HAL_Driver/Src/stm32h7xx_hal_uart.o
 .debug_ranges  0x0000000000000af0       0x98 ./Drivers/STM32H7xx_HAL_Driver/Src/stm32h7xx_hal_uart_ex.o

.debug_macro    0x0000000000000000    0x32b61
 .debug_macro   0x0000000000000000      0x2f1 ./Core/Src/eth.o
 .debug_macro   0x00000000000002f1      0xa90 ./Core/Src/eth.o
 .debug_macro   0x0000000000000d81      0x238 ./Core/Src/eth.o
 .debug_macro   0x0000000000000fb9       0x2e ./Core/Src/eth.o
 .debug_macro   0x0000000000000fe7       0x3b ./Core/Src/eth.o
 .debug_macro   0x0000000000001022       0x22 ./Core/Src/eth.o
 .debug_macro   0x0000000000001044       0x8e ./Core/Src/eth.o
 .debug_macro   0x00000000000010d2       0x51 ./Core/Src/eth.o
 .debug_macro   0x0000000000001123      0x103 ./Core/Src/eth.o
 .debug_macro   0x0000000000001226       0x6a ./Core/Src/eth.o
 .debug_macro   0x0000000000001290      0x1df ./Core/Src/eth.o
 .debug_macro   0x000000000000146f       0x1c ./Core/Src/eth.o
 .debug_macro   0x000000000000148b       0x22 ./Core/Src/eth.o
 .debug_macro   0x00000000000014ad       0xfb ./Core/Src/eth.o
 .debug_macro   0x00000000000015a8     0x1305 ./Core/Src/eth.o
 .debug_macro   0x00000000000028ad      0x11f ./Core/Src/eth.o
 .debug_macro   0x00000000000029cc       0x27 ./Core/Src/eth.o
 .debug_macro   0x00000000000029f3    0x211d1 ./Core/Src/eth.o
 .debug_macro   0x0000000000023bc4       0x6d ./Core/Src/eth.o
 .debug_macro   0x0000000000023c31     0x3d48 ./Core/Src/eth.o
 .debug_macro   0x0000000000027979      0x174 ./Core/Src/eth.o
 .debug_macro   0x0000000000027aed       0x52 ./Core/Src/eth.o
 .debug_macro   0x0000000000027b3f       0x1d ./Core/Src/eth.o
 .debug_macro   0x0000000000027b5c       0x3c ./Core/Src/eth.o
 .debug_macro   0x0000000000027b98       0x34 ./Core/Src/eth.o
 .debug_macro   0x0000000000027bcc       0x16 ./Core/Src/eth.o
 .debug_macro   0x0000000000027be2       0x43 ./Core/Src/eth.o
 .debug_macro   0x0000000000027c25       0x34 ./Core/Src/eth.o
 .debug_macro   0x0000000000027c59       0x10 ./Core/Src/eth.o
 .debug_macro   0x0000000000027c69       0x58 ./Core/Src/eth.o
 .debug_macro   0x0000000000027cc1       0x71 ./Core/Src/eth.o
 .debug_macro   0x0000000000027d32       0x1c ./Core/Src/eth.o
 .debug_macro   0x0000000000027d4e      0x12a ./Core/Src/eth.o
 .debug_macro   0x0000000000027e78      0x341 ./Core/Src/eth.o
 .debug_macro   0x00000000000281b9      0x19b ./Core/Src/eth.o
 .debug_macro   0x0000000000028354       0x5d ./Core/Src/eth.o
 .debug_macro   0x00000000000283b1     0x2462 ./Core/Src/eth.o
 .debug_macro   0x000000000002a813     0x1079 ./Core/Src/eth.o
 .debug_macro   0x000000000002b88c      0x154 ./Core/Src/eth.o
 .debug_macro   0x000000000002b9e0      0x114 ./Core/Src/eth.o
 .debug_macro   0x000000000002baf4      0x3f8 ./Core/Src/eth.o
 .debug_macro   0x000000000002beec       0xac ./Core/Src/eth.o
 .debug_macro   0x000000000002bf98      0x788 ./Core/Src/eth.o
 .debug_macro   0x000000000002c720      0x228 ./Core/Src/eth.o
 .debug_macro   0x000000000002c948       0x66 ./Core/Src/eth.o
 .debug_macro   0x000000000002c9ae      0x3a6 ./Core/Src/eth.o
 .debug_macro   0x000000000002cd54      0xa80 ./Core/Src/eth.o
 .debug_macro   0x000000000002d7d4      0x129 ./Core/Src/eth.o
 .debug_macro   0x000000000002d8fd      0x3f9 ./Core/Src/eth.o
 .debug_macro   0x000000000002dcf6      0x275 ./Core/Src/eth.o
 .debug_macro   0x000000000002df6b      0x3ca ./Core/Src/eth.o
 .debug_macro   0x000000000002e335      0x45c ./Core/Src/eth.o
 .debug_macro   0x000000000002e791       0x3c ./Core/Src/eth.o
 .debug_macro   0x000000000002e7cd       0x4a ./Core/Src/eth.o
 .debug_macro   0x000000000002e817      0x22c ./Core/Src/eth.o
 .debug_macro   0x000000000002ea43       0x67 ./Core/Src/eth.o
 .debug_macro   0x000000000002eaaa       0xa5 ./Core/Src/eth.o
 .debug_macro   0x000000000002eb4f      0x1c4 ./Core/Src/eth.o
 .debug_macro   0x000000000002ed13      0x22a ./Core/Src/eth.o
 .debug_macro   0x000000000002ef3d       0x35 ./Core/Src/eth.o
 .debug_macro   0x000000000002ef72      0x693 ./Core/Src/eth.o
 .debug_macro   0x000000000002f605       0xa6 ./Core/Src/eth.o
 .debug_macro   0x000000000002f6ab      0x5e6 ./Core/Src/eth.o
 .debug_macro   0x000000000002fc91      0x130 ./Core/Src/eth.o
 .debug_macro   0x000000000002fdc1       0x16 ./Core/Src/eth.o
 .debug_macro   0x000000000002fdd7       0x35 ./Core/Src/eth.o
 .debug_macro   0x000000000002fe0c       0x20 ./Core/Src/eth.o
 .debug_macro   0x000000000002fe2c      0x2c1 ./Core/Src/gpio.o
 .debug_macro   0x00000000000300ed      0x313 ./Core/Src/main.o
 .debug_macro   0x0000000000030400      0x2b7 ./Core/Src/stm32h7xx_hal_msp.o
 .debug_macro   0x00000000000306b7      0x2c1 ./Core/Src/stm32h7xx_it.o
 .debug_macro   0x0000000000030978      0x2a8 ./Core/Src/system_stm32h7xx.o
 .debug_macro   0x0000000000030c20      0x2f1 ./Core/Src/usart.o
 .debug_macro   0x0000000000030f11      0x2f1 ./Core/Src/usb_otg.o
 .debug_macro   0x0000000000031202      0x2d2 ./Drivers/STM32H7xx_HAL_Driver/Src/stm32h7xx_hal.o
 .debug_macro   0x00000000000314d4      0x2a8 ./Drivers/STM32H7xx_HAL_Driver/Src/stm32h7xx_hal_cortex.o
 .debug_macro   0x000000000003177c      0x33c ./Drivers/STM32H7xx_HAL_Driver/Src/stm32h7xx_hal_eth.o
 .debug_macro   0x0000000000031ab8      0x2af ./Drivers/STM32H7xx_HAL_Driver/Src/stm32h7xx_hal_gpio.o
 .debug_macro   0x0000000000031d67      0x2e1 ./Drivers/STM32H7xx_HAL_Driver/Src/stm32h7xx_hal_pwr_ex.o
 .debug_macro   0x0000000000032048      0x2cc ./Drivers/STM32H7xx_HAL_Driver/Src/stm32h7xx_hal_rcc.o
 .debug_macro   0x0000000000032314      0x2c6 ./Drivers/STM32H7xx_HAL_Driver/Src/stm32h7xx_hal_rcc_ex.o
 .debug_macro   0x00000000000325da      0x2d3 ./Drivers/STM32H7xx_HAL_Driver/Src/stm32h7xx_hal_uart.o
 .debug_macro   0x00000000000328ad      0x2b4 ./Drivers/STM32H7xx_HAL_Driver/Src/stm32h7xx_hal_uart_ex.o

.debug_line     0x0000000000000000    0x1184c
 .debug_line    0x0000000000000000      0x936 ./Core/Src/eth.o
 .debug_line    0x0000000000000936      0x8b2 ./Core/Src/gpio.o
 .debug_line    0x00000000000011e8      0x95c ./Core/Src/main.o
 .debug_line    0x0000000000001b44      0x854 ./Core/Src/stm32h7xx_hal_msp.o
 .debug_line    0x0000000000002398      0x918 ./Core/Src/stm32h7xx_it.o
 .debug_line    0x0000000000002cb0      0x9fa ./Core/Src/system_stm32h7xx.o
 .debug_line    0x00000000000036aa      0x928 ./Core/Src/usart.o
 .debug_line    0x0000000000003fd2      0x886 ./Core/Src/usb_otg.o
 .debug_line    0x0000000000004858       0x88 ./Core/Startup/startup_stm32h723zgtx.o
 .debug_line    0x00000000000048e0      0xe94 ./Drivers/STM32H7xx_HAL_Driver/Src/stm32h7xx_hal.o
 .debug_line    0x0000000000005774      0xe09 ./Drivers/STM32H7xx_HAL_Driver/Src/stm32h7xx_hal_cortex.o
 .debug_line    0x000000000000657d     0x1b49 ./Drivers/STM32H7xx_HAL_Driver/Src/stm32h7xx_hal_eth.o
 .debug_line    0x00000000000080c6      0xcb2 ./Drivers/STM32H7xx_HAL_Driver/Src/stm32h7xx_hal_gpio.o
 .debug_line    0x0000000000008d78      0xe78 ./Drivers/STM32H7xx_HAL_Driver/Src/stm32h7xx_hal_pwr_ex.o
 .debug_line    0x0000000000009bf0     0x132a ./Drivers/STM32H7xx_HAL_Driver/Src/stm32h7xx_hal_rcc.o
 .debug_line    0x000000000000af1a     0x1bc0 ./Drivers/STM32H7xx_HAL_Driver/Src/stm32h7xx_hal_rcc_ex.o
 .debug_line    0x000000000000cada     0x3ed1 ./Drivers/STM32H7xx_HAL_Driver/Src/stm32h7xx_hal_uart.o
 .debug_line    0x00000000000109ab      0xea1 ./Drivers/STM32H7xx_HAL_Driver/Src/stm32h7xx_hal_uart_ex.o

.debug_str      0x0000000000000000   0x144a3b
 .debug_str     0x0000000000000000   0x13fa65 ./Core/Src/eth.o
                                     0x13ff3a (size before relaxing)
 .debug_str     0x000000000013fa65       0x68 ./Core/Src/gpio.o
                                     0x13f467 (size before relaxing)
 .debug_str     0x000000000013facd      0x296 ./Core/Src/main.o
                                     0x13f539 (size before relaxing)
 .debug_str     0x000000000013fd63       0x2c ./Core/Src/stm32h7xx_hal_msp.o
                                     0x13f38a (size before relaxing)
 .debug_str     0x000000000013fd8f       0xc9 ./Core/Src/stm32h7xx_it.o
                                     0x13f1e9 (size before relaxing)
 .debug_str     0x000000000013fe58      0x29a ./Core/Src/system_stm32h7xx.o
                                     0x13f13b (size before relaxing)
 .debug_str     0x00000000001400f2      0x89f ./Core/Src/usart.o
                                     0x13fe6b (size before relaxing)
 .debug_str     0x0000000000140991       0x16 ./Core/Src/usb_otg.o
                                     0x13f1e2 (size before relaxing)
 .debug_str     0x00000000001409a7       0x36 ./Core/Startup/startup_stm32h723zgtx.o
                                         0x64 (size before relaxing)
 .debug_str     0x00000000001409dd     0x1108 ./Drivers/STM32H7xx_HAL_Driver/Src/stm32h7xx_hal.o
                                     0x1401c5 (size before relaxing)
 .debug_str     0x0000000000141ae5      0x35a ./Drivers/STM32H7xx_HAL_Driver/Src/stm32h7xx_hal_cortex.o
                                     0x13faa7 (size before relaxing)
 .debug_str     0x0000000000141e3f      0xfea ./Drivers/STM32H7xx_HAL_Driver/Src/stm32h7xx_hal_eth.o
                                     0x140a0a (size before relaxing)
 .debug_str     0x0000000000142e29       0xd9 ./Drivers/STM32H7xx_HAL_Driver/Src/stm32h7xx_hal_gpio.o
                                     0x13f186 (size before relaxing)
 .debug_str     0x0000000000142f02      0x5ee ./Drivers/STM32H7xx_HAL_Driver/Src/stm32h7xx_hal_pwr_ex.o
                                     0x13f58e (size before relaxing)
 .debug_str     0x00000000001434f0      0x21a ./Drivers/STM32H7xx_HAL_Driver/Src/stm32h7xx_hal_rcc.o
                                     0x13f509 (size before relaxing)
 .debug_str     0x000000000014370a      0x64b ./Drivers/STM32H7xx_HAL_Driver/Src/stm32h7xx_hal_rcc_ex.o
                                     0x13fa21 (size before relaxing)
 .debug_str     0x0000000000143d55      0xa85 ./Drivers/STM32H7xx_HAL_Driver/Src/stm32h7xx_hal_uart.o
                                     0x1400a9 (size before relaxing)
 .debug_str     0x00000000001447da      0x261 ./Drivers/STM32H7xx_HAL_Driver/Src/stm32h7xx_hal_uart_ex.o
                                     0x13f669 (size before relaxing)

.comment        0x0000000000000000       0x50
 .comment       0x0000000000000000       0x50 ./Core/Src/eth.o
                                         0x51 (size before relaxing)
 .comment       0x0000000000000050       0x51 ./Core/Src/gpio.o
 .comment       0x0000000000000050       0x51 ./Core/Src/main.o
 .comment       0x0000000000000050       0x51 ./Core/Src/stm32h7xx_hal_msp.o
 .comment       0x0000000000000050       0x51 ./Core/Src/stm32h7xx_it.o
 .comment       0x0000000000000050       0x51 ./Core/Src/system_stm32h7xx.o
 .comment       0x0000000000000050       0x51 ./Core/Src/usart.o
 .comment       0x0000000000000050       0x51 ./Core/Src/usb_otg.o
 .comment       0x0000000000000050       0x51 ./Drivers/STM32H7xx_HAL_Driver/Src/stm32h7xx_hal.o
 .comment       0x0000000000000050       0x51 ./Drivers/STM32H7xx_HAL_Driver/Src/stm32h7xx_hal_cortex.o
 .comment       0x0000000000000050       0x51 ./Drivers/STM32H7xx_HAL_Driver/Src/stm32h7xx_hal_eth.o
 .comment       0x0000000000000050       0x51 ./Drivers/STM32H7xx_HAL_Driver/Src/stm32h7xx_hal_gpio.o
 .comment       0x0000000000000050       0x51 ./Drivers/STM32H7xx_HAL_Driver/Src/stm32h7xx_hal_pwr_ex.o
 .comment       0x0000000000000050       0x51 ./Drivers/STM32H7xx_HAL_Driver/Src/stm32h7xx_hal_rcc.o
 .comment       0x0000000000000050       0x51 ./Drivers/STM32H7xx_HAL_Driver/Src/stm32h7xx_hal_rcc_ex.o
 .comment       0x0000000000000050       0x51 ./Drivers/STM32H7xx_HAL_Driver/Src/stm32h7xx_hal_uart.o
 .comment       0x0000000000000050       0x51 ./Drivers/STM32H7xx_HAL_Driver/Src/stm32h7xx_hal_uart_ex.o

.debug_frame    0x0000000000000000     0x3298
 .debug_frame   0x0000000000000000       0x74 ./Core/Src/eth.o
 .debug_frame   0x0000000000000074       0x34 ./Core/Src/gpio.o
 .debug_frame   0x00000000000000a8       0x68 ./Core/Src/main.o
 .debug_frame   0x0000000000000110       0x38 ./Core/Src/stm32h7xx_hal_msp.o
 .debug_frame   0x0000000000000148      0x104 ./Core/Src/stm32h7xx_it.o
 .debug_frame   0x000000000000024c       0x58 ./Core/Src/system_stm32h7xx.o
 .debug_frame   0x00000000000002a4       0x78 ./Core/Src/usart.o
 .debug_frame   0x000000000000031c       0x30 ./Core/Src/usb_otg.o
 .debug_frame   0x000000000000034c      0x760 ./Drivers/STM32H7xx_HAL_Driver/Src/stm32h7xx_hal.o
 .debug_frame   0x0000000000000aac      0x4b8 ./Drivers/STM32H7xx_HAL_Driver/Src/stm32h7xx_hal_cortex.o
 .debug_frame   0x0000000000000f64      0x898 ./Drivers/STM32H7xx_HAL_Driver/Src/stm32h7xx_hal_eth.o
 .debug_frame   0x00000000000017fc      0x14c ./Drivers/STM32H7xx_HAL_Driver/Src/stm32h7xx_hal_gpio.o
 .debug_frame   0x0000000000001948      0x540 ./Drivers/STM32H7xx_HAL_Driver/Src/stm32h7xx_hal_pwr_ex.o
 .debug_frame   0x0000000000001e88      0x1fc ./Drivers/STM32H7xx_HAL_Driver/Src/stm32h7xx_hal_rcc.o
 .debug_frame   0x0000000000002084      0x414 ./Drivers/STM32H7xx_HAL_Driver/Src/stm32h7xx_hal_rcc_ex.o
 .debug_frame   0x0000000000002498      0xa94 ./Drivers/STM32H7xx_HAL_Driver/Src/stm32h7xx_hal_uart.o
 .debug_frame   0x0000000000002f2c      0x2c0 ./Drivers/STM32H7xx_HAL_Driver/Src/stm32h7xx_hal_uart_ex.o
 .debug_frame   0x00000000000031ec       0x2c c:/st/stm32cubeide_1.12.1/stm32cubeide/plugins/com.st.stm32cube.ide.mcu.externaltools.gnu-tools-for-stm32.10.3-2021.10.win32_1.0.200.202301161003/tools/bin/../lib/gcc/arm-none-eabi/10.3.1/../../../../arm-none-eabi/lib/thumb/v7e-m+dp/hard\libc_nano.a(lib_a-init.o)
 .debug_frame   0x0000000000003218       0x20 c:/st/stm32cubeide_1.12.1/stm32cubeide/plugins/com.st.stm32cube.ide.mcu.externaltools.gnu-tools-for-stm32.10.3-2021.10.win32_1.0.200.202301161003/tools/bin/../lib/gcc/arm-none-eabi/10.3.1/../../../../arm-none-eabi/lib/thumb/v7e-m+dp/hard\libc_nano.a(lib_a-memset.o)
 .debug_frame   0x0000000000003238       0x2c c:/st/stm32cubeide_1.12.1/stm32cubeide/plugins/com.st.stm32cube.ide.mcu.externaltools.gnu-tools-for-stm32.10.3-2021.10.win32_1.0.200.202301161003/tools/bin/../lib/gcc/arm-none-eabi/10.3.1/thumb/v7e-m+dp/hard\libgcc.a(_aeabi_uldivmod.o)
 .debug_frame   0x0000000000003264       0x34 c:/st/stm32cubeide_1.12.1/stm32cubeide/plugins/com.st.stm32cube.ide.mcu.externaltools.gnu-tools-for-stm32.10.3-2021.10.win32_1.0.200.202301161003/tools/bin/../lib/gcc/arm-none-eabi/10.3.1/thumb/v7e-m+dp/hard\libgcc.a(_udivmoddi4.o)
